cuda.
  abs_double
  abs_mv_double
  asum_double
  axpby_double
  axpby_mv_double
  axpy_double
  axpy_mv_double
  dot_double
  dot_mv_double
  mult_double
  mult_mv_double
  nrm1_double
  nrm1_mv_double
  nrm2_double
  nrm2_mv_double
  nrm2_squared_double
  nrm2_squared_mv_double
  nrminf_double
  nrminf_mv_double
  reciprocal_double
  reciprocal_mv_double
  scal_double
  scal_mv_double
  sum_double
  sum_mv_double
  update_double
  update_mv_double
  gemv_double
  gemm_double
  sparse_spmv_double_int_int_TestExecSpace
  sparse_spmv_mv_double_int_int_LayoutLeft_TestExecSpace
  sparse_spmv_mv_double_int_int_LayoutRight_TestExecSpace
  sparse_trsv_mv_double_int_int_LayoutLeft_TestExecSpace
  sparse_trsv_mv_double_int_int_LayoutRight_TestExecSpace
  common_set_bit_count
  common_ffs
  batched_scalar_serial_set_double_double
  batched_scalar_serial_scale_double_double
  batched_scalar_serial_gemm_nt_nt_double_double
  batched_scalar_serial_gemm_t_nt_double_double
  batched_scalar_serial_gemm_nt_t_double_double
  batched_scalar_serial_gemm_t_t_double_double
  batched_scalar_serial_trsm_l_l_nt_u_double_double
  batched_scalar_serial_trsm_l_l_nt_n_double_double
  batched_scalar_serial_trsm_l_u_nt_u_double_double
  batched_scalar_serial_trsm_l_u_nt_n_double_double
  batched_scalar_serial_trsm_r_u_nt_u_double_double
  batched_scalar_serial_trsm_r_u_nt_n_double_double
  batched_scalar_serial_lu_double
  batched_scalar_serial_gemv_nt_double_double
  batched_scalar_serial_gemv_t_double_double
  batched_scalar_serial_trsv_l_nt_u_double_double
  batched_scalar_serial_trsv_l_nt_n_double_double
  batched_scalar_serial_trsv_u_nt_u_double_double
  batched_scalar_serial_trsv_u_nt_n_double_double
  batched_scalar_team_set_double_double
  batched_scalar_team_scale_double_double
  batched_scalar_team_gemm_nt_nt_double_double
  batched_scalar_team_gemm_t_nt_double_double
  batched_scalar_team_gemm_nt_t_double_double
  batched_scalar_team_gemm_t_t_double_double
  batched_scalar_team_trsm_l_l_nt_u_double_double
  batched_scalar_team_trsm_l_l_nt_n_double_double
  batched_scalar_team_trsm_l_u_nt_u_double_double
  batched_scalar_team_trsm_l_u_nt_n_double_double
  batched_scalar_team_trsm_r_u_nt_u_double_double
  batched_scalar_team_trsm_r_u_nt_n_double_double
  batched_scalar_team_lu_double
  batched_scalar_team_gemv_nt_double_double
  batched_scalar_team_gemv_t_double_double
